<?xml version="1.0" encoding="ISO-8859-1" ?>
<link_info>
   <banner>MSP430 Linker PC v18.12.2.LTS</banner>
   <copyright>Copyright (c) 2003-2018 Texas Instruments Incorporated</copyright>
   <link_time>0x6152f502</link_time>
   <link_errors>0x0</link_errors>
   <output_file>STELLA3_1_RF.out</output_file>
   <entry_point>
      <name>_c_int00_noargs</name>
      <address>0xe9b2</address>
   </entry_point>
   <input_file_list>
      <input_file id="fl-2">
         <path>.\</path>
         <kind>object</kind>
         <file>ADC.obj</file>
         <name>ADC.obj</name>
      </input_file>
      <input_file id="fl-3">
         <path>.\</path>
         <kind>object</kind>
         <file>BlinkPattern.obj</file>
         <name>BlinkPattern.obj</name>
      </input_file>
      <input_file id="fl-4">
         <path>.\</path>
         <kind>object</kind>
         <file>Booster.obj</file>
         <name>Booster.obj</name>
      </input_file>
      <input_file id="fl-5">
         <path>.\</path>
         <kind>object</kind>
         <file>Comparator.obj</file>
         <name>Comparator.obj</name>
      </input_file>
      <input_file id="fl-6">
         <path>.\</path>
         <kind>object</kind>
         <file>DigiPot.obj</file>
         <name>DigiPot.obj</name>
      </input_file>
      <input_file id="fl-7">
         <path>.\</path>
         <kind>object</kind>
         <file>SPI.obj</file>
         <name>SPI.obj</name>
      </input_file>
      <input_file id="fl-8">
         <path>.\</path>
         <kind>object</kind>
         <file>cc2500.obj</file>
         <name>cc2500.obj</name>
      </input_file>
      <input_file id="fl-9">
         <path>.\</path>
         <kind>object</kind>
         <file>main.obj</file>
         <name>main.obj</name>
      </input_file>
      <input_file id="fl-e">
         <kind>object</kind>
         <file>&lt;internal&gt;</file>
         <name>&lt;internal&gt;</name>
      </input_file>
      <input_file id="fl-24">
         <path>C:\ti\ccs910\ccs\tools\compiler\ti-cgt-msp430_18.12.2.LTS\lib\</path>
         <kind>archive</kind>
         <file>rts430_eabi.lib</file>
         <name>epilog.asm.obj</name>
      </input_file>
      <input_file id="fl-25">
         <path>C:\ti\ccs910\ccs\tools\compiler\ti-cgt-msp430_18.12.2.LTS\lib\</path>
         <kind>archive</kind>
         <file>rts430_eabi.lib</file>
         <name>fs_mpy.asm.obj</name>
      </input_file>
      <input_file id="fl-26">
         <path>C:\ti\ccs910\ccs\tools\compiler\ti-cgt-msp430_18.12.2.LTS\lib\</path>
         <kind>archive</kind>
         <file>rts430_eabi.lib</file>
         <name>fs_tou.asm.obj</name>
      </input_file>
      <input_file id="fl-27">
         <path>C:\ti\ccs910\ccs\tools\compiler\ti-cgt-msp430_18.12.2.LTS\lib\</path>
         <kind>archive</kind>
         <file>rts430_eabi.lib</file>
         <name>fs_utof.asm.obj</name>
      </input_file>
      <input_file id="fl-28">
         <path>C:\ti\ccs910\ccs\tools\compiler\ti-cgt-msp430_18.12.2.LTS\lib\</path>
         <kind>archive</kind>
         <file>rts430_eabi.lib</file>
         <name>int00.asm.obj</name>
      </input_file>
      <input_file id="fl-29">
         <path>C:\ti\ccs910\ccs\tools\compiler\ti-cgt-msp430_18.12.2.LTS\lib\</path>
         <kind>archive</kind>
         <file>rts430_eabi.lib</file>
         <name>int06.asm.obj</name>
      </input_file>
      <input_file id="fl-2a">
         <path>C:\ti\ccs910\ccs\tools\compiler\ti-cgt-msp430_18.12.2.LTS\lib\</path>
         <kind>archive</kind>
         <file>rts430_eabi.lib</file>
         <name>int07.asm.obj</name>
      </input_file>
      <input_file id="fl-2b">
         <path>C:\ti\ccs910\ccs\tools\compiler\ti-cgt-msp430_18.12.2.LTS\lib\</path>
         <kind>archive</kind>
         <file>rts430_eabi.lib</file>
         <name>int08.asm.obj</name>
      </input_file>
      <input_file id="fl-2c">
         <path>C:\ti\ccs910\ccs\tools\compiler\ti-cgt-msp430_18.12.2.LTS\lib\</path>
         <kind>archive</kind>
         <file>rts430_eabi.lib</file>
         <name>int09.asm.obj</name>
      </input_file>
      <input_file id="fl-2d">
         <path>C:\ti\ccs910\ccs\tools\compiler\ti-cgt-msp430_18.12.2.LTS\lib\</path>
         <kind>archive</kind>
         <file>rts430_eabi.lib</file>
         <name>int10.asm.obj</name>
      </input_file>
      <input_file id="fl-2e">
         <path>C:\ti\ccs910\ccs\tools\compiler\ti-cgt-msp430_18.12.2.LTS\lib\</path>
         <kind>archive</kind>
         <file>rts430_eabi.lib</file>
         <name>int11.asm.obj</name>
      </input_file>
      <input_file id="fl-2f">
         <path>C:\ti\ccs910\ccs\tools\compiler\ti-cgt-msp430_18.12.2.LTS\lib\</path>
         <kind>archive</kind>
         <file>rts430_eabi.lib</file>
         <name>int12.asm.obj</name>
      </input_file>
      <input_file id="fl-30">
         <path>C:\ti\ccs910\ccs\tools\compiler\ti-cgt-msp430_18.12.2.LTS\lib\</path>
         <kind>archive</kind>
         <file>rts430_eabi.lib</file>
         <name>int14.asm.obj</name>
      </input_file>
      <input_file id="fl-31">
         <path>C:\ti\ccs910\ccs\tools\compiler\ti-cgt-msp430_18.12.2.LTS\lib\</path>
         <kind>archive</kind>
         <file>rts430_eabi.lib</file>
         <name>isr_trap.asm.obj</name>
      </input_file>
      <input_file id="fl-32">
         <path>C:\ti\ccs910\ccs\tools\compiler\ti-cgt-msp430_18.12.2.LTS\lib\</path>
         <kind>archive</kind>
         <file>rts430_eabi.lib</file>
         <name>lsl16.asm.obj</name>
      </input_file>
      <input_file id="fl-33">
         <path>C:\ti\ccs910\ccs\tools\compiler\ti-cgt-msp430_18.12.2.LTS\lib\</path>
         <kind>archive</kind>
         <file>rts430_eabi.lib</file>
         <name>boot.c.obj</name>
      </input_file>
      <input_file id="fl-34">
         <path>C:\ti\ccs910\ccs\tools\compiler\ti-cgt-msp430_18.12.2.LTS\lib\</path>
         <kind>archive</kind>
         <file>rts430_eabi.lib</file>
         <name>autoinit.c.obj</name>
      </input_file>
      <input_file id="fl-35">
         <path>C:\ti\ccs910\ccs\tools\compiler\ti-cgt-msp430_18.12.2.LTS\lib\</path>
         <kind>archive</kind>
         <file>rts430_eabi.lib</file>
         <name>copy_zero_init.c.obj</name>
      </input_file>
      <input_file id="fl-36">
         <path>C:\ti\ccs910\ccs\tools\compiler\ti-cgt-msp430_18.12.2.LTS\lib\</path>
         <kind>archive</kind>
         <file>rts430_eabi.lib</file>
         <name>cpy_tbl.c.obj</name>
      </input_file>
      <input_file id="fl-37">
         <path>C:\ti\ccs910\ccs\tools\compiler\ti-cgt-msp430_18.12.2.LTS\lib\</path>
         <kind>archive</kind>
         <file>rts430_eabi.lib</file>
         <name>mpu_init.c.obj</name>
      </input_file>
      <input_file id="fl-38">
         <path>C:\ti\ccs910\ccs\tools\compiler\ti-cgt-msp430_18.12.2.LTS\lib\</path>
         <kind>archive</kind>
         <file>rts430_eabi.lib</file>
         <name>pre_init.c.obj</name>
      </input_file>
      <input_file id="fl-39">
         <path>C:\ti\ccs910\ccs\tools\compiler\ti-cgt-msp430_18.12.2.LTS\lib\</path>
         <kind>archive</kind>
         <file>rts430_eabi.lib</file>
         <name>startup.c.obj</name>
      </input_file>
      <input_file id="fl-3a">
         <path>C:\ti\ccs910\ccs\tools\compiler\ti-cgt-msp430_18.12.2.LTS\lib\</path>
         <kind>archive</kind>
         <file>rts430_eabi.lib</file>
         <name>copy_decompress_none.c.obj</name>
      </input_file>
      <input_file id="fl-3b">
         <path>C:\ti\ccs910\ccs\tools\compiler\ti-cgt-msp430_18.12.2.LTS\lib\</path>
         <kind>archive</kind>
         <file>rts430_eabi.lib</file>
         <name>copy_decompress_lzss.c.obj</name>
      </input_file>
      <input_file id="fl-3c">
         <path>C:\ti\ccs910\ccs\tools\compiler\ti-cgt-msp430_18.12.2.LTS\lib\</path>
         <kind>archive</kind>
         <file>rts430_eabi.lib</file>
         <name>fixdu.c.obj</name>
      </input_file>
      <input_file id="fl-3d">
         <path>C:\ti\ccs910\ccs\tools\compiler\ti-cgt-msp430_18.12.2.LTS\lib\</path>
         <kind>archive</kind>
         <file>rts430_eabi.lib</file>
         <name>fixdul.c.obj</name>
      </input_file>
      <input_file id="fl-3e">
         <path>C:\ti\ccs910\ccs\tools\compiler\ti-cgt-msp430_18.12.2.LTS\lib\</path>
         <kind>archive</kind>
         <file>rts430_eabi.lib</file>
         <name>fltid.c.obj</name>
      </input_file>
      <input_file id="fl-3f">
         <path>C:\ti\ccs910\ccs\tools\compiler\ti-cgt-msp430_18.12.2.LTS\lib\</path>
         <kind>archive</kind>
         <file>rts430_eabi.lib</file>
         <name>fltlid.c.obj</name>
      </input_file>
      <input_file id="fl-40">
         <path>C:\ti\ccs910\ccs\tools\compiler\ti-cgt-msp430_18.12.2.LTS\lib\</path>
         <kind>archive</kind>
         <file>rts430_eabi.lib</file>
         <name>fltud.c.obj</name>
      </input_file>
      <input_file id="fl-41">
         <path>C:\ti\ccs910\ccs\tools\compiler\ti-cgt-msp430_18.12.2.LTS\lib\</path>
         <kind>archive</kind>
         <file>rts430_eabi.lib</file>
         <name>fltuld.c.obj</name>
      </input_file>
      <input_file id="fl-42">
         <path>C:\ti\ccs910\ccs\tools\compiler\ti-cgt-msp430_18.12.2.LTS\lib\</path>
         <kind>archive</kind>
         <file>rts430_eabi.lib</file>
         <name>mpyd.c.obj</name>
      </input_file>
      <input_file id="fl-43">
         <path>C:\ti\ccs910\ccs\tools\compiler\ti-cgt-msp430_18.12.2.LTS\lib\</path>
         <kind>archive</kind>
         <file>rts430_eabi.lib</file>
         <name>exit.c.obj</name>
      </input_file>
      <input_file id="fl-44">
         <path>C:\ti\ccs910\ccs\tools\compiler\ti-cgt-msp430_18.12.2.LTS\lib\</path>
         <kind>archive</kind>
         <file>rts430_eabi.lib</file>
         <name>_lock.c.obj</name>
      </input_file>
      <input_file id="fl-45">
         <path>C:\ti\ccs910\ccs\tools\compiler\ti-cgt-msp430_18.12.2.LTS\lib\</path>
         <kind>archive</kind>
         <file>rts430_eabi.lib</file>
         <name>args_main.c.obj</name>
      </input_file>
      <input_file id="fl-46">
         <path>C:\ti\ccs910\ccs\tools\compiler\ti-cgt-msp430_18.12.2.LTS\lib\</path>
         <kind>archive</kind>
         <file>rts430_eabi.lib</file>
         <name>memcpy.c.obj</name>
      </input_file>
      <input_file id="fl-47">
         <path>C:\ti\ccs910\ccs\tools\compiler\ti-cgt-msp430_18.12.2.LTS\lib\</path>
         <kind>archive</kind>
         <file>rts430_eabi.lib</file>
         <name>memset.c.obj</name>
      </input_file>
      <input_file id="fl-48">
         <path>C:\ti\ccs910\ccs\tools\compiler\ti-cgt-msp430_18.12.2.LTS\lib\</path>
         <kind>archive</kind>
         <file>rts430_eabi.lib</file>
         <name>asr16.asm.obj</name>
      </input_file>
      <input_file id="fl-49">
         <path>C:\ti\ccs910\ccs\tools\compiler\ti-cgt-msp430_18.12.2.LTS\lib\</path>
         <kind>archive</kind>
         <file>rts430_eabi.lib</file>
         <name>lsl32.asm.obj</name>
      </input_file>
      <input_file id="fl-4a">
         <path>C:\ti\ccs910\ccs\tools\compiler\ti-cgt-msp430_18.12.2.LTS\lib\</path>
         <kind>archive</kind>
         <file>rts430_eabi.lib</file>
         <name>lsr16.asm.obj</name>
      </input_file>
      <input_file id="fl-4b">
         <path>C:\ti\ccs910\ccs\tools\compiler\ti-cgt-msp430_18.12.2.LTS\lib\</path>
         <kind>archive</kind>
         <file>rts430_eabi.lib</file>
         <name>lsr32.asm.obj</name>
      </input_file>
      <input_file id="fl-4c">
         <path>C:\ti\ccs910\ccs\tools\compiler\ti-cgt-msp430_18.12.2.LTS\lib\</path>
         <kind>archive</kind>
         <file>rts430_eabi.lib</file>
         <name>mult16.asm.obj</name>
      </input_file>
      <input_file id="fl-4d">
         <path>C:\ti\ccs910\ccs\tools\compiler\ti-cgt-msp430_18.12.2.LTS\lib\</path>
         <kind>archive</kind>
         <file>rts430_eabi.lib</file>
         <name>exit_gvars.c.obj</name>
      </input_file>
      <input_file id="fl-4e">
         <path>C:\ti\ccs910\ccs\tools\compiler\ti-cgt-msp430_18.12.2.LTS\lib\</path>
         <kind>archive</kind>
         <file>rts430_eabi.lib</file>
         <name>lsr64.c.obj</name>
      </input_file>
      <input_file id="fl-4f">
         <path>C:\ti\ccs910\ccs\tools\compiler\ti-cgt-msp430_18.12.2.LTS\lib\</path>
         <kind>archive</kind>
         <file>rts430_eabi.lib</file>
         <name>frcmpyd.c.obj</name>
      </input_file>
      <input_file id="fl-50">
         <path>C:\ti\ccs910\ccs\tools\compiler\ti-cgt-msp430_18.12.2.LTS\lib\</path>
         <kind>archive</kind>
         <file>rts430_eabi.lib</file>
         <name>asr32.asm.obj</name>
      </input_file>
      <input_file id="fl-51">
         <path>C:\ti\ccs910\ccs\tools\compiler\ti-cgt-msp430_18.12.2.LTS\lib\</path>
         <kind>archive</kind>
         <file>rts430_eabi.lib</file>
         <name>mult32.asm.obj</name>
      </input_file>
   </input_file_list>
   <object_component_list>
      <object_component id="oc-3c8">
         <name>.common:i_left</name>
         <uninitialized>true</uninitialized>
         <run_address>0x2a8</run_address>
         <size>0x2</size>
      </object_component>
      <object_component id="oc-361">
         <name>.common:VRef_test</name>
         <uninitialized>true</uninitialized>
         <run_address>0x2a2</run_address>
         <size>0x2</size>
      </object_component>
      <object_component id="oc-152">
         <name>.common:loop_count</name>
         <uninitialized>true</uninitialized>
         <run_address>0x2b0</run_address>
         <size>0x2</size>
      </object_component>
      <object_component id="oc-1d2">
         <name>.common:stimulation_clk</name>
         <uninitialized>true</uninitialized>
         <run_address>0x2b4</run_address>
         <size>0x2</size>
      </object_component>
      <object_component id="oc-21b">
         <name>.common:VBoostArray</name>
         <uninitialized>true</uninitialized>
         <run_address>0x282</run_address>
         <size>0x20</size>
      </object_component>
      <object_component id="oc-264">
         <name>.common:p</name>
         <uninitialized>true</uninitialized>
         <run_address>0x2b2</run_address>
         <size>0x2</size>
      </object_component>
      <object_component id="oc-26b">
         <name>.common:k</name>
         <uninitialized>true</uninitialized>
         <run_address>0x2ae</run_address>
         <size>0x2</size>
      </object_component>
      <object_component id="oc-287">
         <name>.common:imp</name>
         <uninitialized>true</uninitialized>
         <run_address>0x2ac</run_address>
         <size>0x2</size>
      </object_component>
      <object_component id="oc-288">
         <name>.common:VRef_test_left</name>
         <uninitialized>true</uninitialized>
         <run_address>0x2a4</run_address>
         <size>0x2</size>
      </object_component>
      <object_component id="oc-289">
         <name>.common:VRef_test_right</name>
         <uninitialized>true</uninitialized>
         <run_address>0x2a6</run_address>
         <size>0x2</size>
      </object_component>
      <object_component id="oc-297">
         <name>.common:i_new_imp</name>
         <uninitialized>true</uninitialized>
         <run_address>0x2aa</run_address>
         <size>0x2</size>
      </object_component>
      <object_component id="oc-28a">
         <name>.common:timer_tar_count_left</name>
         <uninitialized>true</uninitialized>
         <run_address>0x2ba</run_address>
         <size>0x2</size>
      </object_component>
      <object_component id="oc-28b">
         <name>.common:timer_tar_count_right</name>
         <uninitialized>true</uninitialized>
         <run_address>0x2bc</run_address>
         <size>0x2</size>
      </object_component>
      <object_component id="oc-28c">
         <name>.common:timer_tar_PW_left</name>
         <uninitialized>true</uninitialized>
         <run_address>0x2b6</run_address>
         <size>0x2</size>
      </object_component>
      <object_component id="oc-28d">
         <name>.common:timer_tar_PW_right</name>
         <uninitialized>true</uninitialized>
         <run_address>0x2b8</run_address>
         <size>0x2</size>
      </object_component>
      <object_component id="oc-31d">
         <name>.data</name>
         <load_address>0x27e</load_address>
         <run_address>0x27e</run_address>
         <size>0x4</size>
         <input_file_ref idref="fl-2"/>
      </object_component>
      <object_component id="oc-14f">
         <name>.data</name>
         <load_address>0x270</load_address>
         <run_address>0x270</run_address>
         <size>0xe</size>
         <input_file_ref idref="fl-5"/>
      </object_component>
      <object_component id="oc-28e">
         <name>.data:dbs_array</name>
         <load_address>0x200</load_address>
         <run_address>0x200</run_address>
         <size>0x3c</size>
         <input_file_ref idref="fl-5"/>
      </object_component>
      <object_component id="oc-162">
         <name>.data</name>
         <load_address>0x23c</load_address>
         <run_address>0x23c</run_address>
         <size>0x24</size>
         <input_file_ref idref="fl-9"/>
      </object_component>
      <object_component id="oc-26c">
         <name>.data:data_new</name>
         <load_address>0x260</load_address>
         <run_address>0x260</run_address>
         <size>0x10</size>
         <input_file_ref idref="fl-9"/>
      </object_component>
      <object_component id="oc-b1">
         <name>.stack</name>
         <uninitialized>true</uninitialized>
         <run_address>0x3b0</run_address>
         <size>0x2</size>
         <input_file_ref idref="fl-33"/>
      </object_component>
      <object_component id="oc-4c6">
         <name>.stack</name>
         <uninitialized>true</uninitialized>
         <run_address>0x3b0</run_address>
         <size>0x0</size>
      </object_component>
      <object_component id="oc-182">
         <name>.text:main</name>
         <load_address>0xc000</load_address>
         <run_address>0xc000</run_address>
         <size>0xa5c</size>
         <input_file_ref idref="fl-9"/>
      </object_component>
      <object_component id="oc-43a">
         <name>.text:__TI_frcmpyd</name>
         <load_address>0xca5c</load_address>
         <run_address>0xca5c</run_address>
         <size>0x286</size>
         <input_file_ref idref="fl-4f"/>
      </object_component>
      <object_component id="oc-1f1">
         <name>.text:cc2500_init</name>
         <load_address>0xcce2</load_address>
         <run_address>0xcce2</run_address>
         <size>0x286</size>
         <input_file_ref idref="fl-8"/>
      </object_component>
      <object_component id="oc-41a">
         <name>.text:__mspabi_mpyd</name>
         <load_address>0xcf68</load_address>
         <run_address>0xcf68</run_address>
         <size>0x26e</size>
         <input_file_ref idref="fl-42"/>
      </object_component>
      <object_component id="oc-291">
         <name>.text:cc2500_transmit_arr_new</name>
         <load_address>0xd1d6</load_address>
         <run_address>0xd1d6</run_address>
         <size>0x238</size>
         <input_file_ref idref="fl-8"/>
      </object_component>
      <object_component id="oc-35b">
         <name>.text:ImpedanceStatus</name>
         <load_address>0xd40e</load_address>
         <run_address>0xd40e</run_address>
         <size>0x1bc</size>
         <input_file_ref idref="fl-9"/>
      </object_component>
      <object_component id="oc-281">
         <name>.text:ImpChk</name>
         <load_address>0xd5ca</load_address>
         <run_address>0xd5ca</run_address>
         <size>0x156</size>
         <input_file_ref idref="fl-9"/>
      </object_component>
      <object_component id="oc-362">
         <name>.text:sample_dbs</name>
         <load_address>0xd720</load_address>
         <run_address>0xd720</run_address>
         <size>0x132</size>
         <input_file_ref idref="fl-5"/>
      </object_component>
      <object_component id="oc-2aa">
         <name>.text:cc2500_transmit_arr</name>
         <load_address>0xd852</load_address>
         <run_address>0xd852</run_address>
         <size>0x112</size>
         <input_file_ref idref="fl-8"/>
      </object_component>
      <object_component id="oc-3c2">
         <name>.text:_compare</name>
         <load_address>0xd964</load_address>
         <run_address>0xd964</run_address>
         <size>0xfa</size>
         <input_file_ref idref="fl-5"/>
      </object_component>
      <object_component id="oc-36e">
         <name>.text:dbs_pw</name>
         <load_address>0xda5e</load_address>
         <run_address>0xda5e</run_address>
         <size>0xd2</size>
         <input_file_ref idref="fl-5"/>
      </object_component>
      <object_component id="oc-320">
         <name>.text</name>
         <load_address>0xdb30</load_address>
         <run_address>0xdb30</run_address>
         <size>0xc4</size>
         <input_file_ref idref="fl-25"/>
      </object_component>
      <object_component id="oc-368">
         <name>.text:dbs_freq</name>
         <load_address>0xdbf4</load_address>
         <run_address>0xdbf4</run_address>
         <size>0xbc</size>
         <input_file_ref idref="fl-5"/>
      </object_component>
      <object_component id="oc-42e">
         <name>.text:__mspabi_fltlid</name>
         <load_address>0xdcb0</load_address>
         <run_address>0xdcb0</run_address>
         <size>0xac</size>
         <input_file_ref idref="fl-3f"/>
      </object_component>
      <object_component id="oc-400">
         <name>.text:_compare_helper</name>
         <load_address>0xdd5c</load_address>
         <run_address>0xdd5c</run_address>
         <size>0x9e</size>
         <input_file_ref idref="fl-5"/>
      </object_component>
      <object_component id="oc-447">
         <name>.text:__mspabi_fltuld</name>
         <load_address>0xddfa</load_address>
         <run_address>0xddfa</run_address>
         <size>0x8a</size>
         <input_file_ref idref="fl-41"/>
      </object_component>
      <object_component id="oc-343">
         <name>.text:led_init_match</name>
         <load_address>0xde84</load_address>
         <run_address>0xde84</run_address>
         <size>0x8a</size>
         <input_file_ref idref="fl-8"/>
      </object_component>
      <object_component id="oc-34">
         <name>.text:decompress:lzss:__TI_decompress_lzss</name>
         <load_address>0xdf0e</load_address>
         <run_address>0xdf0e</run_address>
         <size>0x7c</size>
         <input_file_ref idref="fl-3b"/>
      </object_component>
      <object_component id="oc-1e5">
         <name>.text:SPISetup</name>
         <load_address>0xdf8a</load_address>
         <run_address>0xdf8a</run_address>
         <size>0x78</size>
         <input_file_ref idref="fl-7"/>
      </object_component>
      <object_component id="oc-298">
         <name>.text:PacketNotReceive</name>
         <load_address>0xe002</load_address>
         <run_address>0xe002</run_address>
         <size>0x76</size>
         <input_file_ref idref="fl-3"/>
      </object_component>
      <object_component id="oc-44e">
         <name>.text:__mspabi_fixdul</name>
         <load_address>0xe078</load_address>
         <run_address>0xe078</run_address>
         <size>0x74</size>
         <input_file_ref idref="fl-3d"/>
      </object_component>
      <object_component id="oc-20f">
         <name>.text:Set_DIGIPOT</name>
         <load_address>0xe0ec</load_address>
         <run_address>0xe0ec</run_address>
         <size>0x70</size>
         <input_file_ref idref="fl-6"/>
      </object_component>
      <object_component id="oc-25e">
         <name>.text:cc2500_receive_wor</name>
         <load_address>0xe15c</load_address>
         <run_address>0xe15c</run_address>
         <size>0x70</size>
         <input_file_ref idref="fl-8"/>
      </object_component>
      <object_component id="oc-3fa">
         <name>.text:CheckVRef</name>
         <load_address>0xe1cc</load_address>
         <run_address>0xe1cc</run_address>
         <size>0x68</size>
         <input_file_ref idref="fl-2"/>
      </object_component>
      <object_component id="oc-e7">
         <name>.text:Port_2</name>
         <load_address>0xe234</load_address>
         <run_address>0xe234</run_address>
         <size>0x66</size>
         <input_file_ref idref="fl-9"/>
      </object_component>
      <object_component id="oc-26f">
         <name>.text:PWM</name>
         <load_address>0xe29a</load_address>
         <run_address>0xe29a</run_address>
         <size>0x5c</size>
         <input_file_ref idref="fl-9"/>
      </object_component>
      <object_component id="oc-45a">
         <name>.text:l_lsr_const</name>
         <load_address>0xe2f6</load_address>
         <run_address>0xe2f6</run_address>
         <size>0x5c</size>
         <input_file_ref idref="fl-4b"/>
      </object_component>
      <object_component id="oc-e1">
         <name>.text:Port_1</name>
         <load_address>0xe352</load_address>
         <run_address>0xe352</run_address>
         <size>0x54</size>
         <input_file_ref idref="fl-5"/>
      </object_component>
      <object_component id="oc-1bb">
         <name>.text:SPI_writeData</name>
         <load_address>0xe3a6</load_address>
         <run_address>0xe3a6</run_address>
         <size>0x54</size>
         <input_file_ref idref="fl-7"/>
      </object_component>
      <object_component id="oc-165">
         <name>.text:awake_cc2500</name>
         <load_address>0xe3fa</load_address>
         <run_address>0xe3fa</run_address>
         <size>0x52</size>
         <input_file_ref idref="fl-8"/>
      </object_component>
      <object_component id="oc-ba">
         <name>.text</name>
         <load_address>0xe44c</load_address>
         <run_address>0xe44c</run_address>
         <size>0x4c</size>
         <input_file_ref idref="fl-4a"/>
      </object_component>
      <object_component id="oc-24c">
         <name>.text:StartErrorRecognitionPattern</name>
         <load_address>0xe498</load_address>
         <run_address>0xe498</run_address>
         <size>0x4a</size>
         <input_file_ref idref="fl-3"/>
      </object_component>
      <object_component id="oc-1fd">
         <name>.text:cc2500_nwor_init</name>
         <load_address>0xe4e2</load_address>
         <run_address>0xe4e2</run_address>
         <size>0x48</size>
         <input_file_ref idref="fl-8"/>
      </object_component>
      <object_component id="oc-252">
         <name>.text:cc2500_wor_init</name>
         <load_address>0xe52a</load_address>
         <run_address>0xe52a</run_address>
         <size>0x48</size>
         <input_file_ref idref="fl-8"/>
      </object_component>
      <object_component id="oc-325">
         <name>.text</name>
         <load_address>0xe572</load_address>
         <run_address>0xe572</run_address>
         <size>0x46</size>
         <input_file_ref idref="fl-26"/>
      </object_component>
      <object_component id="oc-215">
         <name>.text:CheckVBoost</name>
         <load_address>0xe5b8</load_address>
         <run_address>0xe5b8</run_address>
         <size>0x44</size>
         <input_file_ref idref="fl-2"/>
      </object_component>
      <object_component id="oc-2c2">
         <name>.text:__TI_auto_init_nobinit_nopinit:__TI_auto_init_nobinit_nopinit</name>
         <load_address>0xe5fc</load_address>
         <run_address>0xe5fc</run_address>
         <size>0x42</size>
         <input_file_ref idref="fl-34"/>
      </object_component>
      <object_component id="oc-462">
         <name>.text:l_asr_const</name>
         <load_address>0xe63e</load_address>
         <run_address>0xe63e</run_address>
         <size>0x3e</size>
         <input_file_ref idref="fl-50"/>
      </object_component>
      <object_component id="oc-455">
         <name>.text:l_lsl_const</name>
         <load_address>0xe67c</load_address>
         <run_address>0xe67c</run_address>
         <size>0x3e</size>
         <input_file_ref idref="fl-49"/>
      </object_component>
      <object_component id="oc-16d">
         <name>.text:count_rtc</name>
         <load_address>0xe6ba</load_address>
         <run_address>0xe6ba</run_address>
         <size>0x3a</size>
         <input_file_ref idref="fl-9"/>
      </object_component>
      <object_component id="oc-349">
         <name>.text:led_init_nmatch</name>
         <load_address>0xe6f4</load_address>
         <run_address>0xe6f4</run_address>
         <size>0x36</size>
         <input_file_ref idref="fl-8"/>
      </object_component>
      <object_component id="oc-32d">
         <name>.text:LED_FLASH3</name>
         <load_address>0xe72a</load_address>
         <run_address>0xe72a</run_address>
         <size>0x34</size>
         <input_file_ref idref="fl-3"/>
      </object_component>
      <object_component id="oc-234">
         <name>.text:CheckVBoostNew</name>
         <load_address>0xe75e</load_address>
         <run_address>0xe75e</run_address>
         <size>0x30</size>
         <input_file_ref idref="fl-2"/>
      </object_component>
      <object_component id="oc-265">
         <name>.text:cc2500_SPIReadStatus</name>
         <load_address>0xe78e</load_address>
         <run_address>0xe78e</run_address>
         <size>0x2e</size>
         <input_file_ref idref="fl-8"/>
      </object_component>
      <object_component id="oc-312">
         <name>.text:_helper</name>
         <load_address>0xe7bc</load_address>
         <run_address>0xe7bc</run_address>
         <size>0x2c</size>
         <input_file_ref idref="fl-2"/>
      </object_component>
      <object_component id="oc-33d">
         <name>.text:cc2500_read_reg</name>
         <load_address>0xe7e8</load_address>
         <run_address>0xe7e8</run_address>
         <size>0x2c</size>
         <input_file_ref idref="fl-8"/>
      </object_component>
      <object_component id="oc-435">
         <name>.text</name>
         <load_address>0xe814</load_address>
         <run_address>0xe814</run_address>
         <size>0x2c</size>
         <input_file_ref idref="fl-48"/>
      </object_component>
      <object_component id="oc-b5">
         <name>.text</name>
         <load_address>0xe840</load_address>
         <run_address>0xe840</run_address>
         <size>0x2c</size>
         <input_file_ref idref="fl-32"/>
      </object_component>
      <object_component id="oc-29e">
         <name>.text:ini_f_pw_variables</name>
         <load_address>0xe86c</load_address>
         <run_address>0xe86c</run_address>
         <size>0x2a</size>
         <input_file_ref idref="fl-9"/>
      </object_component>
      <object_component id="oc-203">
         <name>.text:pwd_mode_cc2500</name>
         <load_address>0xe896</load_address>
         <run_address>0xe896</run_address>
         <size>0x28</size>
         <input_file_ref idref="fl-8"/>
      </object_component>
      <object_component id="oc-467">
         <name>.text</name>
         <load_address>0xe8be</load_address>
         <run_address>0xe8be</run_address>
         <size>0x26</size>
         <input_file_ref idref="fl-51"/>
      </object_component>
      <object_component id="oc-f3">
         <name>.text:Timer1_A0</name>
         <load_address>0xe8e4</load_address>
         <run_address>0xe8e4</run_address>
         <size>0x24</size>
         <input_file_ref idref="fl-9"/>
      </object_component>
      <object_component id="oc-1c7">
         <name>.text:cc2500_strobe1</name>
         <load_address>0xe908</load_address>
         <run_address>0xe908</run_address>
         <size>0x24</size>
         <input_file_ref idref="fl-8"/>
      </object_component>
      <object_component id="oc-318">
         <name>.text</name>
         <load_address>0xe92c</load_address>
         <run_address>0xe92c</run_address>
         <size>0x24</size>
         <input_file_ref idref="fl-27"/>
      </object_component>
      <object_component id="oc-1eb">
         <name>.text:cc2500_reset</name>
         <load_address>0xe950</load_address>
         <run_address>0xe950</run_address>
         <size>0x22</size>
         <input_file_ref idref="fl-8"/>
      </object_component>
      <object_component id="oc-1f7">
         <name>.text:GDO0Setup</name>
         <load_address>0xe972</load_address>
         <run_address>0xe972</run_address>
         <size>0x20</size>
         <input_file_ref idref="fl-9"/>
      </object_component>
      <object_component id="oc-1d3">
         <name>.text:HallSensorSetup</name>
         <load_address>0xe992</load_address>
         <run_address>0xe992</run_address>
         <size>0x20</size>
         <input_file_ref idref="fl-9"/>
      </object_component>
      <object_component id="oc-10b">
         <name>.text:_c_int00_noargs</name>
         <load_address>0xe9b2</load_address>
         <run_address>0xe9b2</run_address>
         <size>0x1c</size>
         <input_file_ref idref="fl-33"/>
      </object_component>
      <object_component id="oc-23a">
         <name>.text:CheckVBattery</name>
         <load_address>0xe9ce</load_address>
         <run_address>0xe9ce</run_address>
         <size>0x1a</size>
         <input_file_ref idref="fl-2"/>
      </object_component>
      <object_component id="oc-30b">
         <name>.text:RestartBooster</name>
         <load_address>0xe9e8</load_address>
         <run_address>0xe9e8</run_address>
         <size>0x1a</size>
         <input_file_ref idref="fl-4"/>
      </object_component>
      <object_component id="oc-1c1">
         <name>.text:cc2500_strobe</name>
         <load_address>0xea02</load_address>
         <run_address>0xea02</run_address>
         <size>0x1a</size>
         <input_file_ref idref="fl-8"/>
      </object_component>
      <object_component id="oc-22e">
         <name>.text:setupTimer</name>
         <load_address>0xea1c</load_address>
         <run_address>0xea1c</run_address>
         <size>0x18</size>
         <input_file_ref idref="fl-9"/>
      </object_component>
      <object_component id="oc-1df">
         <name>.text:ComparatorSetup</name>
         <load_address>0xea34</load_address>
         <run_address>0xea34</run_address>
         <size>0x16</size>
         <input_file_ref idref="fl-9"/>
      </object_component>
      <object_component id="oc-27b">
         <name>.text:temp_read</name>
         <load_address>0xea4a</load_address>
         <run_address>0xea4a</run_address>
         <size>0x16</size>
         <input_file_ref idref="fl-2"/>
      </object_component>
      <object_component id="oc-f9">
         <name>.text:decompress:ZI:__TI_zero_init_nomemset:__TI_zero_init_nomemset</name>
         <load_address>0xea60</load_address>
         <run_address>0xea60</run_address>
         <size>0x14</size>
         <input_file_ref idref="fl-35"/>
      </object_component>
      <object_component id="oc-240">
         <name>.text:memset</name>
         <load_address>0xea74</load_address>
         <run_address>0xea74</run_address>
         <size>0x14</size>
         <input_file_ref idref="fl-47"/>
      </object_component>
      <object_component id="oc-ed">
         <name>.text:ADC10_ISR</name>
         <load_address>0xea88</load_address>
         <run_address>0xea88</run_address>
         <size>0x12</size>
         <input_file_ref idref="fl-2"/>
      </object_component>
      <object_component id="oc-426">
         <name>.text:__mspabi_fixdu</name>
         <load_address>0xea9a</load_address>
         <run_address>0xea9a</run_address>
         <size>0x12</size>
         <input_file_ref idref="fl-3c"/>
      </object_component>
      <object_component id="oc-3a">
         <name>.text:decompress:none:__TI_decompress_none</name>
         <load_address>0xeaac</load_address>
         <run_address>0xeaac</run_address>
         <size>0x12</size>
         <input_file_ref idref="fl-3a"/>
      </object_component>
      <object_component id="oc-472">
         <name>.text:l_lsr</name>
         <load_address>0xeabe</load_address>
         <run_address>0xeabe</run_address>
         <size>0x12</size>
         <input_file_ref idref="fl-4b"/>
      </object_component>
      <object_component id="oc-cf">
         <name>.text:memcpy</name>
         <load_address>0xead0</load_address>
         <run_address>0xead0</run_address>
         <size>0x12</size>
         <input_file_ref idref="fl-46"/>
      </object_component>
      <object_component id="oc-15b">
         <name>.text:setupTimer_freq</name>
         <load_address>0xeae2</load_address>
         <run_address>0xeae2</run_address>
         <size>0x12</size>
         <input_file_ref idref="fl-5"/>
      </object_component>
      <object_component id="oc-bf">
         <name>.text</name>
         <load_address>0xeaf4</load_address>
         <run_address>0xeaf4</run_address>
         <size>0x10</size>
         <input_file_ref idref="fl-24"/>
      </object_component>
      <object_component id="oc-222">
         <name>.text:DisableStimulation</name>
         <load_address>0xeb04</load_address>
         <run_address>0xeb04</run_address>
         <size>0xe</size>
         <input_file_ref idref="fl-9"/>
      </object_component>
      <object_component id="oc-275">
         <name>.text:EnableStimulation</name>
         <load_address>0xeb12</load_address>
         <run_address>0xeb12</run_address>
         <size>0xe</size>
         <input_file_ref idref="fl-9"/>
      </object_component>
      <object_component id="oc-414">
         <name>.text:__mspabi_fltid</name>
         <load_address>0xeb20</load_address>
         <run_address>0xeb20</run_address>
         <size>0xc</size>
         <input_file_ref idref="fl-3e"/>
      </object_component>
      <object_component id="oc-2a4">
         <name>.text:ContinuousTxnPattern</name>
         <load_address>0xeb2c</load_address>
         <run_address>0xeb2c</run_address>
         <size>0x8</size>
         <input_file_ref idref="fl-3"/>
      </object_component>
      <object_component id="oc-209">
         <name>.text:DisableGDO0</name>
         <load_address>0xeb34</load_address>
         <run_address>0xeb34</run_address>
         <size>0x8</size>
         <input_file_ref idref="fl-9"/>
      </object_component>
      <object_component id="oc-246">
         <name>.text:DisableHallSensor</name>
         <load_address>0xeb3c</load_address>
         <run_address>0xeb3c</run_address>
         <size>0x8</size>
         <input_file_ref idref="fl-9"/>
      </object_component>
      <object_component id="oc-258">
         <name>.text:EnableGDO0</name>
         <load_address>0xeb44</load_address>
         <run_address>0xeb44</run_address>
         <size>0x8</size>
         <input_file_ref idref="fl-9"/>
      </object_component>
      <object_component id="oc-21c">
         <name>.text:EnableHallSensor</name>
         <load_address>0xeb4c</load_address>
         <run_address>0xeb4c</run_address>
         <size>0x8</size>
         <input_file_ref idref="fl-9"/>
      </object_component>
      <object_component id="oc-1d9">
         <name>.text:LEDSetup</name>
         <load_address>0xeb54</load_address>
         <run_address>0xeb54</run_address>
         <size>0x8</size>
         <input_file_ref idref="fl-9"/>
      </object_component>
      <object_component id="oc-228">
         <name>.text:StimulationOffPattern</name>
         <load_address>0xeb5c</load_address>
         <run_address>0xeb5c</run_address>
         <size>0x8</size>
         <input_file_ref idref="fl-3"/>
      </object_component>
      <object_component id="oc-dc">
         <name>.text:_isr:__TI_ISR_TRAP</name>
         <load_address>0xeb64</load_address>
         <run_address>0xeb64</run_address>
         <size>0x8</size>
         <input_file_ref idref="fl-31"/>
      </object_component>
      <object_component id="oc-420">
         <name>.text:__mspabi_fltud</name>
         <load_address>0xeb6c</load_address>
         <run_address>0xeb6c</run_address>
         <size>0x6</size>
         <input_file_ref idref="fl-40"/>
      </object_component>
      <object_component id="oc-2b6">
         <name>.text:abort</name>
         <load_address>0xeb72</load_address>
         <run_address>0xeb72</run_address>
         <size>0x6</size>
         <input_file_ref idref="fl-43"/>
      </object_component>
      <object_component id="oc-155">
         <name>.text:stopTimer_freq</name>
         <load_address>0xeb78</load_address>
         <run_address>0xeb78</run_address>
         <size>0x6</size>
         <input_file_ref idref="fl-5"/>
      </object_component>
      <object_component id="oc-17c">
         <name>.text:_system_pre_init</name>
         <load_address>0xeb7e</load_address>
         <run_address>0xeb7e</run_address>
         <size>0x4</size>
         <input_file_ref idref="fl-38"/>
      </object_component>
      <object_component id="oc-38e">
         <name>.text:_system_post_cinit</name>
         <load_address>0xeb82</load_address>
         <run_address>0xeb82</run_address>
         <size>0x2</size>
         <input_file_ref idref="fl-39"/>
      </object_component>
      <object_component id="oc-4c5">
         <name>.cinit..data.load</name>
         <load_address>0xeb86</load_address>
         <run_address>0xeb86</run_address>
         <size>0x21</size>
      </object_component>
      <object_component id="oc-4c2">
         <name>__TI_handler_table</name>
         <load_address>0xeba8</load_address>
         <run_address>0xeba8</run_address>
         <size>0x6</size>
      </object_component>
      <object_component id="oc-4c4">
         <name>.cinit..bss.load</name>
         <load_address>0xebae</load_address>
         <run_address>0xebae</run_address>
         <size>0x4</size>
      </object_component>
      <object_component id="oc-4c3">
         <name>__TI_cinit_table</name>
         <load_address>0xebb2</load_address>
         <run_address>0xebb2</run_address>
         <size>0x8</size>
      </object_component>
      <object_component id="oc-358">
         <name>.const:.string:$P$T0$1</name>
         <load_address>0xeb84</load_address>
         <run_address>0xeb84</run_address>
         <size>0x2</size>
         <input_file_ref idref="fl-9"/>
      </object_component>
      <object_component id="oc-484">
         <name>.binit</name>
         <load_address>0xc000</load_address>
         <run_address>0xc000</run_address>
         <size>0x0</size>
      </object_component>
      <object_component id="oc-40">
         <name>.int00</name>
         <load_address>0xffe0</load_address>
         <run_address>0xffe0</run_address>
         <size>0x2</size>
         <input_file_ref idref="fl-28"/>
      </object_component>
      <object_component id="oc-41">
         <name>.int02</name>
         <load_address>0xffe4</load_address>
         <run_address>0xffe4</run_address>
         <size>0x2</size>
         <input_file_ref idref="fl-5"/>
      </object_component>
      <object_component id="oc-42">
         <name>.int03</name>
         <load_address>0xffe6</load_address>
         <run_address>0xffe6</run_address>
         <size>0x2</size>
         <input_file_ref idref="fl-9"/>
      </object_component>
      <object_component id="oc-43">
         <name>.int05</name>
         <load_address>0xffea</load_address>
         <run_address>0xffea</run_address>
         <size>0x2</size>
         <input_file_ref idref="fl-2"/>
      </object_component>
      <object_component id="oc-44">
         <name>.int06</name>
         <load_address>0xffec</load_address>
         <run_address>0xffec</run_address>
         <size>0x2</size>
         <input_file_ref idref="fl-29"/>
      </object_component>
      <object_component id="oc-45">
         <name>.int07</name>
         <load_address>0xffee</load_address>
         <run_address>0xffee</run_address>
         <size>0x2</size>
         <input_file_ref idref="fl-2a"/>
      </object_component>
      <object_component id="oc-46">
         <name>.int08</name>
         <load_address>0xfff0</load_address>
         <run_address>0xfff0</run_address>
         <size>0x2</size>
         <input_file_ref idref="fl-2b"/>
      </object_component>
      <object_component id="oc-47">
         <name>.int09</name>
         <load_address>0xfff2</load_address>
         <run_address>0xfff2</run_address>
         <size>0x2</size>
         <input_file_ref idref="fl-2c"/>
      </object_component>
      <object_component id="oc-48">
         <name>.int10</name>
         <load_address>0xfff4</load_address>
         <run_address>0xfff4</run_address>
         <size>0x2</size>
         <input_file_ref idref="fl-2d"/>
      </object_component>
      <object_component id="oc-49">
         <name>.int11</name>
         <load_address>0xfff6</load_address>
         <run_address>0xfff6</run_address>
         <size>0x2</size>
         <input_file_ref idref="fl-2e"/>
      </object_component>
      <object_component id="oc-4a">
         <name>.int12</name>
         <load_address>0xfff8</load_address>
         <run_address>0xfff8</run_address>
         <size>0x2</size>
         <input_file_ref idref="fl-2f"/>
      </object_component>
      <object_component id="oc-4b">
         <name>.int13</name>
         <load_address>0xfffa</load_address>
         <run_address>0xfffa</run_address>
         <size>0x2</size>
         <input_file_ref idref="fl-9"/>
      </object_component>
      <object_component id="oc-4c">
         <name>.int14</name>
         <load_address>0xfffc</load_address>
         <run_address>0xfffc</run_address>
         <size>0x2</size>
         <input_file_ref idref="fl-30"/>
      </object_component>
      <object_component id="oc-b4">
         <name>.reset</name>
         <load_address>0xfffe</load_address>
         <run_address>0xfffe</run_address>
         <size>0x2</size>
         <input_file_ref idref="fl-33"/>
      </object_component>
      <object_component id="oc-2fa">
         <name>.debug_info</name>
         <load_address>0x0</load_address>
         <run_address>0x0</run_address>
         <size>0x270</size>
         <input_file_ref idref="fl-2"/>
      </object_component>
      <object_component id="oc-31e">
         <name>.debug_info</name>
         <load_address>0x270</load_address>
         <run_address>0x270</run_address>
         <size>0xd8</size>
         <input_file_ref idref="fl-2"/>
      </object_component>
      <object_component id="oc-313">
         <name>.debug_info</name>
         <load_address>0x348</load_address>
         <run_address>0x348</run_address>
         <size>0xf4</size>
         <input_file_ref idref="fl-2"/>
      </object_component>
      <object_component id="oc-27c">
         <name>.debug_info</name>
         <load_address>0x43c</load_address>
         <run_address>0x43c</run_address>
         <size>0x10a</size>
         <input_file_ref idref="fl-2"/>
      </object_component>
      <object_component id="oc-3fc">
         <name>.debug_info</name>
         <load_address>0x546</load_address>
         <run_address>0x546</run_address>
         <size>0x18c</size>
         <input_file_ref idref="fl-2"/>
      </object_component>
      <object_component id="oc-235">
         <name>.debug_info</name>
         <load_address>0x6d2</load_address>
         <run_address>0x6d2</run_address>
         <size>0x114</size>
         <input_file_ref idref="fl-2"/>
      </object_component>
      <object_component id="oc-217">
         <name>.debug_info</name>
         <load_address>0x7e6</load_address>
         <run_address>0x7e6</run_address>
         <size>0x14c</size>
         <input_file_ref idref="fl-2"/>
      </object_component>
      <object_component id="oc-23b">
         <name>.debug_info</name>
         <load_address>0x932</load_address>
         <run_address>0x932</run_address>
         <size>0x112</size>
         <input_file_ref idref="fl-2"/>
      </object_component>
      <object_component id="oc-ef">
         <name>.debug_info</name>
         <load_address>0xa44</load_address>
         <run_address>0xa44</run_address>
         <size>0xf9</size>
         <input_file_ref idref="fl-2"/>
      </object_component>
      <object_component id="oc-1b0">
         <name>.debug_info</name>
         <load_address>0xb3d</load_address>
         <run_address>0xb3d</run_address>
         <size>0x1ef</size>
         <input_file_ref idref="fl-2"/>
      </object_component>
      <object_component id="oc-1ab">
         <name>.debug_info</name>
         <load_address>0xd2c</load_address>
         <run_address>0xd2c</run_address>
         <size>0x26b</size>
         <input_file_ref idref="fl-2"/>
      </object_component>
      <object_component id="oc-ca">
         <name>.debug_info</name>
         <load_address>0xf97</load_address>
         <run_address>0xf97</run_address>
         <size>0x84</size>
         <input_file_ref idref="fl-2"/>
      </object_component>
      <object_component id="oc-2f5">
         <name>.debug_info</name>
         <load_address>0x101b</load_address>
         <run_address>0x101b</run_address>
         <size>0x275</size>
         <input_file_ref idref="fl-2"/>
      </object_component>
      <object_component id="oc-2b1">
         <name>.debug_info</name>
         <load_address>0x1290</load_address>
         <run_address>0x1290</run_address>
         <size>0xbb</size>
         <input_file_ref idref="fl-2"/>
      </object_component>
      <object_component id="oc-32f">
         <name>.debug_info</name>
         <load_address>0x134b</load_address>
         <run_address>0x134b</run_address>
         <size>0x12b</size>
         <input_file_ref idref="fl-3"/>
      </object_component>
      <object_component id="oc-22a">
         <name>.debug_info</name>
         <load_address>0x1476</load_address>
         <run_address>0x1476</run_address>
         <size>0x13c</size>
         <input_file_ref idref="fl-3"/>
      </object_component>
      <object_component id="oc-24e">
         <name>.debug_info</name>
         <load_address>0x15b2</load_address>
         <run_address>0x15b2</run_address>
         <size>0x139</size>
         <input_file_ref idref="fl-3"/>
      </object_component>
      <object_component id="oc-29a">
         <name>.debug_info</name>
         <load_address>0x16eb</load_address>
         <run_address>0x16eb</run_address>
         <size>0x154</size>
         <input_file_ref idref="fl-3"/>
      </object_component>
      <object_component id="oc-2a7">
         <name>.debug_info</name>
         <load_address>0x183f</load_address>
         <run_address>0x183f</run_address>
         <size>0x13a</size>
         <input_file_ref idref="fl-3"/>
      </object_component>
      <object_component id="oc-30e">
         <name>.debug_info</name>
         <load_address>0x1979</load_address>
         <run_address>0x1979</run_address>
         <size>0x10e</size>
         <input_file_ref idref="fl-4"/>
      </object_component>
      <object_component id="oc-142">
         <name>.debug_info</name>
         <load_address>0x1a87</load_address>
         <run_address>0x1a87</run_address>
         <size>0x2c</size>
         <input_file_ref idref="fl-4"/>
      </object_component>
      <object_component id="oc-153">
         <name>.debug_info</name>
         <load_address>0x1ab3</load_address>
         <run_address>0x1ab3</run_address>
         <size>0x2da</size>
         <input_file_ref idref="fl-5"/>
      </object_component>
      <object_component id="oc-150">
         <name>.debug_info</name>
         <load_address>0x1d8d</load_address>
         <run_address>0x1d8d</run_address>
         <size>0x1b3</size>
         <input_file_ref idref="fl-5"/>
      </object_component>
      <object_component id="oc-28f">
         <name>.debug_info</name>
         <load_address>0x1f40</load_address>
         <run_address>0x1f40</run_address>
         <size>0xd7</size>
         <input_file_ref idref="fl-5"/>
      </object_component>
      <object_component id="oc-157">
         <name>.debug_info</name>
         <load_address>0x2017</load_address>
         <run_address>0x2017</run_address>
         <size>0x117</size>
         <input_file_ref idref="fl-5"/>
      </object_component>
      <object_component id="oc-15e">
         <name>.debug_info</name>
         <load_address>0x212e</load_address>
         <run_address>0x212e</run_address>
         <size>0x119</size>
         <input_file_ref idref="fl-5"/>
      </object_component>
      <object_component id="oc-363">
         <name>.debug_info</name>
         <load_address>0x2247</load_address>
         <run_address>0x2247</run_address>
         <size>0x251</size>
         <input_file_ref idref="fl-5"/>
      </object_component>
      <object_component id="oc-370">
         <name>.debug_info</name>
         <load_address>0x2498</load_address>
         <run_address>0x2498</run_address>
         <size>0x1c1</size>
         <input_file_ref idref="fl-5"/>
      </object_component>
      <object_component id="oc-369">
         <name>.debug_info</name>
         <load_address>0x2659</load_address>
         <run_address>0x2659</run_address>
         <size>0x1b3</size>
         <input_file_ref idref="fl-5"/>
      </object_component>
      <object_component id="oc-402">
         <name>.debug_info</name>
         <load_address>0x280c</load_address>
         <run_address>0x280c</run_address>
         <size>0x1ba</size>
         <input_file_ref idref="fl-5"/>
      </object_component>
      <object_component id="oc-3c4">
         <name>.debug_info</name>
         <load_address>0x29c6</load_address>
         <run_address>0x29c6</run_address>
         <size>0x299</size>
         <input_file_ref idref="fl-5"/>
      </object_component>
      <object_component id="oc-e2">
         <name>.debug_info</name>
         <load_address>0x2c5f</load_address>
         <run_address>0x2c5f</run_address>
         <size>0x136</size>
         <input_file_ref idref="fl-5"/>
      </object_component>
      <object_component id="oc-210">
         <name>.debug_info</name>
         <load_address>0x2d95</load_address>
         <run_address>0x2d95</run_address>
         <size>0x1ed</size>
         <input_file_ref idref="fl-6"/>
      </object_component>
      <object_component id="oc-1be">
         <name>.debug_info</name>
         <load_address>0x2f82</load_address>
         <run_address>0x2f82</run_address>
         <size>0x196</size>
         <input_file_ref idref="fl-7"/>
      </object_component>
      <object_component id="oc-1e9">
         <name>.debug_info</name>
         <load_address>0x3118</load_address>
         <run_address>0x3118</run_address>
         <size>0xf6</size>
         <input_file_ref idref="fl-7"/>
      </object_component>
      <object_component id="oc-350">
         <name>.debug_info</name>
         <load_address>0x320e</load_address>
         <run_address>0x320e</run_address>
         <size>0x3c9</size>
         <input_file_ref idref="fl-8"/>
      </object_component>
      <object_component id="oc-1c2">
         <name>.debug_info</name>
         <load_address>0x35d7</load_address>
         <run_address>0x35d7</run_address>
         <size>0x133</size>
         <input_file_ref idref="fl-8"/>
      </object_component>
      <object_component id="oc-1c8">
         <name>.debug_info</name>
         <load_address>0x370a</load_address>
         <run_address>0x370a</run_address>
         <size>0x159</size>
         <input_file_ref idref="fl-8"/>
      </object_component>
      <object_component id="oc-204">
         <name>.debug_info</name>
         <load_address>0x3863</load_address>
         <run_address>0x3863</run_address>
         <size>0x161</size>
         <input_file_ref idref="fl-8"/>
      </object_component>
      <object_component id="oc-34a">
         <name>.debug_info</name>
         <load_address>0x39c4</load_address>
         <run_address>0x39c4</run_address>
         <size>0x10d</size>
         <input_file_ref idref="fl-8"/>
      </object_component>
      <object_component id="oc-344">
         <name>.debug_info</name>
         <load_address>0x3ad1</load_address>
         <run_address>0x3ad1</run_address>
         <size>0x10b</size>
         <input_file_ref idref="fl-8"/>
      </object_component>
      <object_component id="oc-254">
         <name>.debug_info</name>
         <load_address>0x3bdc</load_address>
         <run_address>0x3bdc</run_address>
         <size>0x174</size>
         <input_file_ref idref="fl-8"/>
      </object_component>
      <object_component id="oc-292">
         <name>.debug_info</name>
         <load_address>0x3d50</load_address>
         <run_address>0x3d50</run_address>
         <size>0x47e</size>
         <input_file_ref idref="fl-8"/>
      </object_component>
      <object_component id="oc-2ab">
         <name>.debug_info</name>
         <load_address>0x41ce</load_address>
         <run_address>0x41ce</run_address>
         <size>0x2d4</size>
         <input_file_ref idref="fl-8"/>
      </object_component>
      <object_component id="oc-1ec">
         <name>.debug_info</name>
         <load_address>0x44a2</load_address>
         <run_address>0x44a2</run_address>
         <size>0x107</size>
         <input_file_ref idref="fl-8"/>
      </object_component>
      <object_component id="oc-33e">
         <name>.debug_info</name>
         <load_address>0x45a9</load_address>
         <run_address>0x45a9</run_address>
         <size>0x133</size>
         <input_file_ref idref="fl-8"/>
      </object_component>
      <object_component id="oc-25f">
         <name>.debug_info</name>
         <load_address>0x46dc</load_address>
         <run_address>0x46dc</run_address>
         <size>0x223</size>
         <input_file_ref idref="fl-8"/>
      </object_component>
      <object_component id="oc-1ff">
         <name>.debug_info</name>
         <load_address>0x48ff</load_address>
         <run_address>0x48ff</run_address>
         <size>0x176</size>
         <input_file_ref idref="fl-8"/>
      </object_component>
      <object_component id="oc-1f2">
         <name>.debug_info</name>
         <load_address>0x4a75</load_address>
         <run_address>0x4a75</run_address>
         <size>0x4c5</size>
         <input_file_ref idref="fl-8"/>
      </object_component>
      <object_component id="oc-266">
         <name>.debug_info</name>
         <load_address>0x4f3a</load_address>
         <run_address>0x4f3a</run_address>
         <size>0x141</size>
         <input_file_ref idref="fl-8"/>
      </object_component>
      <object_component id="oc-166">
         <name>.debug_info</name>
         <load_address>0x507b</load_address>
         <run_address>0x507b</run_address>
         <size>0x16f</size>
         <input_file_ref idref="fl-8"/>
      </object_component>
      <object_component id="oc-1b9">
         <name>.debug_info</name>
         <load_address>0x51ea</load_address>
         <run_address>0x51ea</run_address>
         <size>0xd70</size>
         <input_file_ref idref="fl-9"/>
      </object_component>
      <object_component id="oc-163">
         <name>.debug_info</name>
         <load_address>0x5f5a</load_address>
         <run_address>0x5f5a</run_address>
         <size>0x3a5</size>
         <input_file_ref idref="fl-9"/>
      </object_component>
      <object_component id="oc-26d">
         <name>.debug_info</name>
         <load_address>0x62ff</load_address>
         <run_address>0x62ff</run_address>
         <size>0xcf</size>
         <input_file_ref idref="fl-9"/>
      </object_component>
      <object_component id="oc-359">
         <name>.debug_info</name>
         <load_address>0x63ce</load_address>
         <run_address>0x63ce</run_address>
         <size>0xcd</size>
         <input_file_ref idref="fl-9"/>
      </object_component>
      <object_component id="oc-22f">
         <name>.debug_info</name>
         <load_address>0x649b</load_address>
         <run_address>0x649b</run_address>
         <size>0x100</size>
         <input_file_ref idref="fl-9"/>
      </object_component>
      <object_component id="oc-1d4">
         <name>.debug_info</name>
         <load_address>0x659b</load_address>
         <run_address>0x659b</run_address>
         <size>0x107</size>
         <input_file_ref idref="fl-9"/>
      </object_component>
      <object_component id="oc-1da">
         <name>.debug_info</name>
         <load_address>0x66a2</load_address>
         <run_address>0x66a2</run_address>
         <size>0xf9</size>
         <input_file_ref idref="fl-9"/>
      </object_component>
      <object_component id="oc-1e0">
         <name>.debug_info</name>
         <load_address>0x679b</load_address>
         <run_address>0x679b</run_address>
         <size>0x107</size>
         <input_file_ref idref="fl-9"/>
      </object_component>
      <object_component id="oc-1f8">
         <name>.debug_info</name>
         <load_address>0x68a2</load_address>
         <run_address>0x68a2</run_address>
         <size>0xfb</size>
         <input_file_ref idref="fl-9"/>
      </object_component>
      <object_component id="oc-20a">
         <name>.debug_info</name>
         <load_address>0x699d</load_address>
         <run_address>0x699d</run_address>
         <size>0xff</size>
         <input_file_ref idref="fl-9"/>
      </object_component>
      <object_component id="oc-21d">
         <name>.debug_info</name>
         <load_address>0x6a9c</load_address>
         <run_address>0x6a9c</run_address>
         <size>0x109</size>
         <input_file_ref idref="fl-9"/>
      </object_component>
      <object_component id="oc-223">
         <name>.debug_info</name>
         <load_address>0x6ba5</load_address>
         <run_address>0x6ba5</run_address>
         <size>0x10d</size>
         <input_file_ref idref="fl-9"/>
      </object_component>
      <object_component id="oc-247">
         <name>.debug_info</name>
         <load_address>0x6cb2</load_address>
         <run_address>0x6cb2</run_address>
         <size>0x10b</size>
         <input_file_ref idref="fl-9"/>
      </object_component>
      <object_component id="oc-259">
         <name>.debug_info</name>
         <load_address>0x6dbd</load_address>
         <run_address>0x6dbd</run_address>
         <size>0xfd</size>
         <input_file_ref idref="fl-9"/>
      </object_component>
      <object_component id="oc-270">
         <name>.debug_info</name>
         <load_address>0x6eba</load_address>
         <run_address>0x6eba</run_address>
         <size>0x171</size>
         <input_file_ref idref="fl-9"/>
      </object_component>
      <object_component id="oc-276">
         <name>.debug_info</name>
         <load_address>0x702b</load_address>
         <run_address>0x702b</run_address>
         <size>0x10b</size>
         <input_file_ref idref="fl-9"/>
      </object_component>
      <object_component id="oc-35c">
         <name>.debug_info</name>
         <load_address>0x7136</load_address>
         <run_address>0x7136</run_address>
         <size>0x372</size>
         <input_file_ref idref="fl-9"/>
      </object_component>
      <object_component id="oc-282">
         <name>.debug_info</name>
         <load_address>0x74a8</load_address>
         <run_address>0x74a8</run_address>
         <size>0x2bc</size>
         <input_file_ref idref="fl-9"/>
      </object_component>
      <object_component id="oc-29f">
         <name>.debug_info</name>
         <load_address>0x7764</load_address>
         <run_address>0x7764</run_address>
         <size>0x110</size>
         <input_file_ref idref="fl-9"/>
      </object_component>
      <object_component id="oc-183">
         <name>.debug_info</name>
         <load_address>0x7874</load_address>
         <run_address>0x7874</run_address>
         <size>0xb43</size>
         <input_file_ref idref="fl-9"/>
      </object_component>
      <object_component id="oc-16e">
         <name>.debug_info</name>
         <load_address>0x83b7</load_address>
         <run_address>0x83b7</run_address>
         <size>0xfe</size>
         <input_file_ref idref="fl-9"/>
      </object_component>
      <object_component id="oc-f4">
         <name>.debug_info</name>
         <load_address>0x84b5</load_address>
         <run_address>0x84b5</run_address>
         <size>0x10f</size>
         <input_file_ref idref="fl-9"/>
      </object_component>
      <object_component id="oc-e8">
         <name>.debug_info</name>
         <load_address>0x85c4</load_address>
         <run_address>0x85c4</run_address>
         <size>0x10c</size>
         <input_file_ref idref="fl-9"/>
      </object_component>
      <object_component id="oc-c1">
         <name>.debug_info</name>
         <load_address>0x86d0</load_address>
         <run_address>0x86d0</run_address>
         <size>0x12f</size>
         <input_file_ref idref="fl-24"/>
      </object_component>
      <object_component id="oc-321">
         <name>.debug_info</name>
         <load_address>0x87ff</load_address>
         <run_address>0x87ff</run_address>
         <size>0x122</size>
         <input_file_ref idref="fl-25"/>
      </object_component>
      <object_component id="oc-326">
         <name>.debug_info</name>
         <load_address>0x8921</load_address>
         <run_address>0x8921</run_address>
         <size>0x130</size>
         <input_file_ref idref="fl-26"/>
      </object_component>
      <object_component id="oc-31a">
         <name>.debug_info</name>
         <load_address>0x8a51</load_address>
         <run_address>0x8a51</run_address>
         <size>0x125</size>
         <input_file_ref idref="fl-27"/>
      </object_component>
      <object_component id="oc-df">
         <name>.debug_info</name>
         <load_address>0x8b76</load_address>
         <run_address>0x8b76</run_address>
         <size>0x110</size>
         <input_file_ref idref="fl-31"/>
      </object_component>
      <object_component id="oc-b6">
         <name>.debug_info</name>
         <load_address>0x8c86</load_address>
         <run_address>0x8c86</run_address>
         <size>0x121</size>
         <input_file_ref idref="fl-32"/>
      </object_component>
      <object_component id="oc-b2">
         <name>.debug_info</name>
         <load_address>0x8da7</load_address>
         <run_address>0x8da7</run_address>
         <size>0x101</size>
         <input_file_ref idref="fl-33"/>
      </object_component>
      <object_component id="oc-10d">
         <name>.debug_info</name>
         <load_address>0x8ea8</load_address>
         <run_address>0x8ea8</run_address>
         <size>0x17b</size>
         <input_file_ref idref="fl-33"/>
      </object_component>
      <object_component id="oc-395">
         <name>.debug_info</name>
         <load_address>0x9023</load_address>
         <run_address>0x9023</run_address>
         <size>0x3df</size>
         <input_file_ref idref="fl-34"/>
      </object_component>
      <object_component id="oc-2c3">
         <name>.debug_info</name>
         <load_address>0x9402</load_address>
         <run_address>0x9402</run_address>
         <size>0x1e1</size>
         <input_file_ref idref="fl-34"/>
      </object_component>
      <object_component id="oc-3e4">
         <name>.debug_info</name>
         <load_address>0x95e3</load_address>
         <run_address>0x95e3</run_address>
         <size>0x39</size>
         <input_file_ref idref="fl-34"/>
      </object_component>
      <object_component id="oc-3f5">
         <name>.debug_info</name>
         <load_address>0x961c</load_address>
         <run_address>0x961c</run_address>
         <size>0x2c</size>
         <input_file_ref idref="fl-34"/>
      </object_component>
      <object_component id="oc-3a0">
         <name>.debug_info</name>
         <load_address>0x9648</load_address>
         <run_address>0x9648</run_address>
         <size>0x2c</size>
         <input_file_ref idref="fl-34"/>
      </object_component>
      <object_component id="oc-3e9">
         <name>.debug_info</name>
         <load_address>0x9674</load_address>
         <run_address>0x9674</run_address>
         <size>0xcd</size>
         <input_file_ref idref="fl-34"/>
      </object_component>
      <object_component id="oc-17a">
         <name>.debug_info</name>
         <load_address>0x9741</load_address>
         <run_address>0x9741</run_address>
         <size>0x176</size>
         <input_file_ref idref="fl-35"/>
      </object_component>
      <object_component id="oc-fd">
         <name>.debug_info</name>
         <load_address>0x98b7</load_address>
         <run_address>0x98b7</run_address>
         <size>0x1d3</size>
         <input_file_ref idref="fl-35"/>
      </object_component>
      <object_component id="oc-175">
         <name>.debug_info</name>
         <load_address>0x9a8a</load_address>
         <run_address>0x9a8a</run_address>
         <size>0x46</size>
         <input_file_ref idref="fl-35"/>
      </object_component>
      <object_component id="oc-17d">
         <name>.debug_info</name>
         <load_address>0x9ad0</load_address>
         <run_address>0x9ad0</run_address>
         <size>0x154</size>
         <input_file_ref idref="fl-38"/>
      </object_component>
      <object_component id="oc-392">
         <name>.debug_info</name>
         <load_address>0x9c24</load_address>
         <run_address>0x9c24</run_address>
         <size>0x151</size>
         <input_file_ref idref="fl-39"/>
      </object_component>
      <object_component id="oc-db">
         <name>.debug_info</name>
         <load_address>0x9d75</load_address>
         <run_address>0x9d75</run_address>
         <size>0x181</size>
         <input_file_ref idref="fl-3a"/>
      </object_component>
      <object_component id="oc-3e">
         <name>.debug_info</name>
         <load_address>0x9ef6</load_address>
         <run_address>0x9ef6</run_address>
         <size>0x1eb</size>
         <input_file_ref idref="fl-3a"/>
      </object_component>
      <object_component id="oc-d6">
         <name>.debug_info</name>
         <load_address>0xa0e1</load_address>
         <run_address>0xa0e1</run_address>
         <size>0x46</size>
         <input_file_ref idref="fl-3a"/>
      </object_component>
      <object_component id="oc-147">
         <name>.debug_info</name>
         <load_address>0xa127</load_address>
         <run_address>0xa127</run_address>
         <size>0x2c</size>
         <input_file_ref idref="fl-3a"/>
      </object_component>
      <object_component id="oc-13f">
         <name>.debug_info</name>
         <load_address>0xa153</load_address>
         <run_address>0xa153</run_address>
         <size>0x177</size>
         <input_file_ref idref="fl-3b"/>
      </object_component>
      <object_component id="oc-38">
         <name>.debug_info</name>
         <load_address>0xa2ca</load_address>
         <run_address>0xa2ca</run_address>
         <size>0x293</size>
         <input_file_ref idref="fl-3b"/>
      </object_component>
      <object_component id="oc-c5">
         <name>.debug_info</name>
         <load_address>0xa55d</load_address>
         <run_address>0xa55d</run_address>
         <size>0x60</size>
         <input_file_ref idref="fl-3b"/>
      </object_component>
      <object_component id="oc-19e">
         <name>.debug_info</name>
         <load_address>0xa5bd</load_address>
         <run_address>0xa5bd</run_address>
         <size>0x46</size>
         <input_file_ref idref="fl-3b"/>
      </object_component>
      <object_component id="oc-13a">
         <name>.debug_info</name>
         <load_address>0xa603</load_address>
         <run_address>0xa603</run_address>
         <size>0x39</size>
         <input_file_ref idref="fl-3b"/>
      </object_component>
      <object_component id="oc-427">
         <name>.debug_info</name>
         <load_address>0xa63c</load_address>
         <run_address>0xa63c</run_address>
         <size>0x16c</size>
         <input_file_ref idref="fl-3c"/>
      </object_component>
      <object_component id="oc-451">
         <name>.debug_info</name>
         <load_address>0xa7a8</load_address>
         <run_address>0xa7a8</run_address>
         <size>0x1c1</size>
         <input_file_ref idref="fl-3d"/>
      </object_component>
      <object_component id="oc-441">
         <name>.debug_info</name>
         <load_address>0xa969</load_address>
         <run_address>0xa969</run_address>
         <size>0x94</size>
         <input_file_ref idref="fl-3d"/>
      </object_component>
      <object_component id="oc-415">
         <name>.debug_info</name>
         <load_address>0xa9fd</load_address>
         <run_address>0xa9fd</run_address>
         <size>0x167</size>
         <input_file_ref idref="fl-3e"/>
      </object_component>
      <object_component id="oc-460">
         <name>.debug_info</name>
         <load_address>0xab64</load_address>
         <run_address>0xab64</run_address>
         <size>0x16c</size>
         <input_file_ref idref="fl-3f"/>
      </object_component>
      <object_component id="oc-430">
         <name>.debug_info</name>
         <load_address>0xacd0</load_address>
         <run_address>0xacd0</run_address>
         <size>0x21c</size>
         <input_file_ref idref="fl-3f"/>
      </object_component>
      <object_component id="oc-421">
         <name>.debug_info</name>
         <load_address>0xaeec</load_address>
         <run_address>0xaeec</run_address>
         <size>0x167</size>
         <input_file_ref idref="fl-40"/>
      </object_component>
      <object_component id="oc-471">
         <name>.debug_info</name>
         <load_address>0xb053</load_address>
         <run_address>0xb053</run_address>
         <size>0x16c</size>
         <input_file_ref idref="fl-41"/>
      </object_component>
      <object_component id="oc-449">
         <name>.debug_info</name>
         <load_address>0xb1bf</load_address>
         <run_address>0xb1bf</run_address>
         <size>0x1e4</size>
         <input_file_ref idref="fl-41"/>
      </object_component>
      <object_component id="oc-446">
         <name>.debug_info</name>
         <load_address>0xb3a3</load_address>
         <run_address>0xb3a3</run_address>
         <size>0x1a3</size>
         <input_file_ref idref="fl-42"/>
      </object_component>
      <object_component id="oc-41b">
         <name>.debug_info</name>
         <load_address>0xb546</load_address>
         <run_address>0xb546</run_address>
         <size>0x2e1</size>
         <input_file_ref idref="fl-42"/>
      </object_component>
      <object_component id="oc-2b8">
         <name>.debug_info</name>
         <load_address>0xb827</load_address>
         <run_address>0xb827</run_address>
         <size>0x123</size>
         <input_file_ref idref="fl-43"/>
      </object_component>
      <object_component id="oc-141">
         <name>.debug_info</name>
         <load_address>0xb94a</load_address>
         <run_address>0xb94a</run_address>
         <size>0x182</size>
         <input_file_ref idref="fl-46"/>
      </object_component>
      <object_component id="oc-d1">
         <name>.debug_info</name>
         <load_address>0xbacc</load_address>
         <run_address>0xbacc</run_address>
         <size>0x17b</size>
         <input_file_ref idref="fl-46"/>
      </object_component>
      <object_component id="oc-338">
         <name>.debug_info</name>
         <load_address>0xbc47</load_address>
         <run_address>0xbc47</run_address>
         <size>0x16e</size>
         <input_file_ref idref="fl-47"/>
      </object_component>
      <object_component id="oc-241">
         <name>.debug_info</name>
         <load_address>0xbdb5</load_address>
         <run_address>0xbdb5</run_address>
         <size>0x276</size>
         <input_file_ref idref="fl-47"/>
      </object_component>
      <object_component id="oc-436">
         <name>.debug_info</name>
         <load_address>0xc02b</load_address>
         <run_address>0xc02b</run_address>
         <size>0x121</size>
         <input_file_ref idref="fl-48"/>
      </object_component>
      <object_component id="oc-456">
         <name>.debug_info</name>
         <load_address>0xc14c</load_address>
         <run_address>0xc14c</run_address>
         <size>0x127</size>
         <input_file_ref idref="fl-49"/>
      </object_component>
      <object_component id="oc-bd">
         <name>.debug_info</name>
         <load_address>0xc273</load_address>
         <run_address>0xc273</run_address>
         <size>0x121</size>
         <input_file_ref idref="fl-4a"/>
      </object_component>
      <object_component id="oc-475">
         <name>.debug_info</name>
         <load_address>0xc394</load_address>
         <run_address>0xc394</run_address>
         <size>0x121</size>
         <input_file_ref idref="fl-4b"/>
      </object_component>
      <object_component id="oc-45b">
         <name>.debug_info</name>
         <load_address>0xc4b5</load_address>
         <run_address>0xc4b5</run_address>
         <size>0x127</size>
         <input_file_ref idref="fl-4b"/>
      </object_component>
      <object_component id="oc-46d">
         <name>.debug_info</name>
         <load_address>0xc5dc</load_address>
         <run_address>0xc5dc</run_address>
         <size>0x173</size>
         <input_file_ref idref="fl-4f"/>
      </object_component>
      <object_component id="oc-43d">
         <name>.debug_info</name>
         <load_address>0xc74f</load_address>
         <run_address>0xc74f</run_address>
         <size>0x3ac</size>
         <input_file_ref idref="fl-4f"/>
      </object_component>
      <object_component id="oc-465">
         <name>.debug_info</name>
         <load_address>0xcafb</load_address>
         <run_address>0xcafb</run_address>
         <size>0x127</size>
         <input_file_ref idref="fl-50"/>
      </object_component>
      <object_component id="oc-468">
         <name>.debug_info</name>
         <load_address>0xcc22</load_address>
         <run_address>0xcc22</run_address>
         <size>0x122</size>
         <input_file_ref idref="fl-51"/>
      </object_component>
      <object_component id="oc-4c7">
         <name>.debug_info</name>
         <load_address>0xcd44</load_address>
         <run_address>0xcd44</run_address>
         <size>0x9e</size>
      </object_component>
      <object_component id="oc-3b0">
         <name>.debug_line</name>
         <load_address>0x0</load_address>
         <run_address>0x0</run_address>
         <size>0x66</size>
         <input_file_ref idref="fl-2"/>
      </object_component>
      <object_component id="oc-3b5">
         <name>.debug_line</name>
         <load_address>0x66</load_address>
         <run_address>0x66</run_address>
         <size>0x2c</size>
         <input_file_ref idref="fl-2"/>
      </object_component>
      <object_component id="oc-316">
         <name>.debug_line</name>
         <load_address>0x92</load_address>
         <run_address>0x92</run_address>
         <size>0x43</size>
         <input_file_ref idref="fl-2"/>
      </object_component>
      <object_component id="oc-27f">
         <name>.debug_line</name>
         <load_address>0xd5</load_address>
         <run_address>0xd5</run_address>
         <size>0x45</size>
         <input_file_ref idref="fl-2"/>
      </object_component>
      <object_component id="oc-3fb">
         <name>.debug_line</name>
         <load_address>0x11a</load_address>
         <run_address>0x11a</run_address>
         <size>0x48</size>
         <input_file_ref idref="fl-2"/>
      </object_component>
      <object_component id="oc-238">
         <name>.debug_line</name>
         <load_address>0x162</load_address>
         <run_address>0x162</run_address>
         <size>0x48</size>
         <input_file_ref idref="fl-2"/>
      </object_component>
      <object_component id="oc-216">
         <name>.debug_line</name>
         <load_address>0x1aa</load_address>
         <run_address>0x1aa</run_address>
         <size>0x48</size>
         <input_file_ref idref="fl-2"/>
      </object_component>
[...]
      </symbol>
      <symbol id="sm-40b">
         <name>__TI_int08</name>
         <value>0xfff0</value>
         <object_component_ref idref="oc-46"/>
      </symbol>
      <symbol id="sm-40e">
         <name>__TI_int09</name>
         <value>0xfff2</value>
         <object_component_ref idref="oc-47"/>
      </symbol>
      <symbol id="sm-411">
         <name>__TI_int10</name>
         <value>0xfff4</value>
         <object_component_ref idref="oc-48"/>
      </symbol>
      <symbol id="sm-414">
         <name>__TI_int11</name>
         <value>0xfff6</value>
         <object_component_ref idref="oc-49"/>
      </symbol>
      <symbol id="sm-417">
         <name>__TI_int12</name>
         <value>0xfff8</value>
         <object_component_ref idref="oc-4a"/>
      </symbol>
      <symbol id="sm-41a">
         <name>__TI_int14</name>
         <value>0xfffc</value>
         <object_component_ref idref="oc-4c"/>
      </symbol>
      <symbol id="sm-422">
         <name>__TI_ISR_TRAP</name>
         <value>0xeb64</value>
         <object_component_ref idref="oc-dc"/>
      </symbol>
      <symbol id="sm-42a">
         <name>__mspabi_slli</name>
         <value>0xe840</value>
         <object_component_ref idref="oc-b5"/>
      </symbol>
      <symbol id="sm-42b">
         <name>__mspabi_slli_9</name>
         <value>0xe858</value>
         <object_component_ref idref="oc-b5"/>
      </symbol>
      <symbol id="sm-42c">
         <name>__mspabi_slli_8</name>
         <value>0xe85a</value>
         <object_component_ref idref="oc-b5"/>
      </symbol>
      <symbol id="sm-42d">
         <name>__mspabi_slli_7</name>
         <value>0xe85c</value>
         <object_component_ref idref="oc-b5"/>
      </symbol>
      <symbol id="sm-42e">
         <name>__mspabi_slli_6</name>
         <value>0xe85e</value>
         <object_component_ref idref="oc-b5"/>
      </symbol>
      <symbol id="sm-42f">
         <name>__mspabi_slli_5</name>
         <value>0xe860</value>
         <object_component_ref idref="oc-b5"/>
      </symbol>
      <symbol id="sm-430">
         <name>__mspabi_slli_4</name>
         <value>0xe862</value>
         <object_component_ref idref="oc-b5"/>
      </symbol>
      <symbol id="sm-431">
         <name>__mspabi_slli_3</name>
         <value>0xe864</value>
         <object_component_ref idref="oc-b5"/>
      </symbol>
      <symbol id="sm-432">
         <name>__mspabi_slli_2</name>
         <value>0xe866</value>
         <object_component_ref idref="oc-b5"/>
      </symbol>
      <symbol id="sm-433">
         <name>__mspabi_slli_1</name>
         <value>0xe868</value>
         <object_component_ref idref="oc-b5"/>
      </symbol>
      <symbol id="sm-434">
         <name>__mspabi_slli_15</name>
         <value>0xe84c</value>
         <object_component_ref idref="oc-b5"/>
      </symbol>
      <symbol id="sm-435">
         <name>__mspabi_slli_14</name>
         <value>0xe84e</value>
         <object_component_ref idref="oc-b5"/>
      </symbol>
      <symbol id="sm-436">
         <name>__mspabi_slli_13</name>
         <value>0xe850</value>
         <object_component_ref idref="oc-b5"/>
      </symbol>
      <symbol id="sm-437">
         <name>__mspabi_slli_12</name>
         <value>0xe852</value>
         <object_component_ref idref="oc-b5"/>
      </symbol>
      <symbol id="sm-438">
         <name>__mspabi_slli_11</name>
         <value>0xe854</value>
         <object_component_ref idref="oc-b5"/>
      </symbol>
      <symbol id="sm-439">
         <name>__mspabi_slli_10</name>
         <value>0xe856</value>
         <object_component_ref idref="oc-b5"/>
      </symbol>
      <symbol id="sm-449">
         <name>_stack</name>
         <value>0x3b0</value>
         <object_component_ref idref="oc-b1"/>
      </symbol>
      <symbol id="sm-44a">
         <name>_c_int00_noargs</name>
         <value>0xe9b2</value>
         <object_component_ref idref="oc-10b"/>
      </symbol>
      <symbol id="sm-44b">
         <name>_reset_vector</name>
         <value>0xfffe</value>
         <object_component_ref idref="oc-b4"/>
      </symbol>
      <symbol id="sm-46d">
         <name>__TI_auto_init_nobinit_nopinit</name>
         <value>0xe5fc</value>
         <object_component_ref idref="oc-2c2"/>
      </symbol>
      <symbol id="sm-480">
         <name>__TI_zero_init_nomemset</name>
         <value>0xea60</value>
         <object_component_ref idref="oc-f9"/>
      </symbol>
      <symbol id="sm-48b">
         <name>_system_pre_init</name>
         <value>0xeb7e</value>
         <object_component_ref idref="oc-17c"/>
      </symbol>
      <symbol id="sm-494">
         <name>_system_post_cinit</name>
         <value>0xeb82</value>
         <object_component_ref idref="oc-38e"/>
      </symbol>
      <symbol id="sm-4aa">
         <name>__TI_decompress_none</name>
         <value>0xeaac</value>
         <object_component_ref idref="oc-3a"/>
      </symbol>
      <symbol id="sm-4cd">
         <name>__TI_decompress_lzss</name>
         <value>0xdf0e</value>
         <object_component_ref idref="oc-34"/>
      </symbol>
      <symbol id="sm-4d8">
         <name>__mspabi_fixdu</name>
         <value>0xea9a</value>
         <object_component_ref idref="oc-426"/>
      </symbol>
      <symbol id="sm-4ed">
         <name>__mspabi_fixdul</name>
         <value>0xe078</value>
         <object_component_ref idref="oc-44e"/>
      </symbol>
      <symbol id="sm-4f6">
         <name>__mspabi_fltid</name>
         <value>0xeb20</value>
         <object_component_ref idref="oc-414"/>
      </symbol>
      <symbol id="sm-50d">
         <name>__mspabi_fltlid</name>
         <value>0xdcb0</value>
         <object_component_ref idref="oc-42e"/>
      </symbol>
      <symbol id="sm-516">
         <name>__mspabi_fltud</name>
         <value>0xeb6c</value>
         <object_component_ref idref="oc-420"/>
      </symbol>
      <symbol id="sm-52b">
         <name>__mspabi_fltuld</name>
         <value>0xddfa</value>
         <object_component_ref idref="oc-447"/>
      </symbol>
      <symbol id="sm-54d">
         <name>__mspabi_mpyd</name>
         <value>0xcf68</value>
         <object_component_ref idref="oc-41a"/>
      </symbol>
      <symbol id="sm-557">
         <name>C$$EXIT</name>
         <value>0xeb72</value>
         <object_component_ref idref="oc-2b6"/>
      </symbol>
      <symbol id="sm-558">
         <name>abort</name>
         <value>0xeb72</value>
         <object_component_ref idref="oc-2b6"/>
      </symbol>
      <symbol id="sm-568">
         <name>memcpy</name>
         <value>0xead0</value>
         <object_component_ref idref="oc-cf"/>
      </symbol>
      <symbol id="sm-576">
         <name>memset</name>
         <value>0xea74</value>
         <object_component_ref idref="oc-240"/>
      </symbol>
      <symbol id="sm-57e">
         <name>__mspabi_srai</name>
         <value>0xe814</value>
         <object_component_ref idref="oc-435"/>
      </symbol>
      <symbol id="sm-57f">
         <name>__mspabi_srai_8</name>
         <value>0xe82e</value>
         <object_component_ref idref="oc-435"/>
      </symbol>
      <symbol id="sm-580">
         <name>__mspabi_srai_9</name>
         <value>0xe82c</value>
         <object_component_ref idref="oc-435"/>
      </symbol>
      <symbol id="sm-581">
         <name>__mspabi_srai_6</name>
         <value>0xe832</value>
         <object_component_ref idref="oc-435"/>
      </symbol>
      <symbol id="sm-582">
         <name>__mspabi_srai_7</name>
         <value>0xe830</value>
         <object_component_ref idref="oc-435"/>
      </symbol>
      <symbol id="sm-583">
         <name>__mspabi_srai_4</name>
         <value>0xe836</value>
         <object_component_ref idref="oc-435"/>
      </symbol>
      <symbol id="sm-584">
         <name>__mspabi_srai_5</name>
         <value>0xe834</value>
         <object_component_ref idref="oc-435"/>
      </symbol>
      <symbol id="sm-585">
         <name>__mspabi_srai_2</name>
         <value>0xe83a</value>
         <object_component_ref idref="oc-435"/>
      </symbol>
      <symbol id="sm-586">
         <name>__mspabi_srai_3</name>
         <value>0xe838</value>
         <object_component_ref idref="oc-435"/>
      </symbol>
      <symbol id="sm-587">
         <name>__mspabi_srai_1</name>
         <value>0xe83c</value>
         <object_component_ref idref="oc-435"/>
      </symbol>
      <symbol id="sm-588">
         <name>__mspabi_srai_15</name>
         <value>0xe820</value>
         <object_component_ref idref="oc-435"/>
      </symbol>
      <symbol id="sm-589">
         <name>__mspabi_srai_14</name>
         <value>0xe822</value>
         <object_component_ref idref="oc-435"/>
      </symbol>
      <symbol id="sm-58a">
         <name>__mspabi_srai_13</name>
         <value>0xe824</value>
         <object_component_ref idref="oc-435"/>
      </symbol>
      <symbol id="sm-58b">
         <name>__mspabi_srai_12</name>
         <value>0xe826</value>
         <object_component_ref idref="oc-435"/>
      </symbol>
      <symbol id="sm-58c">
         <name>__mspabi_srai_11</name>
         <value>0xe828</value>
         <object_component_ref idref="oc-435"/>
      </symbol>
      <symbol id="sm-58d">
         <name>__mspabi_srai_10</name>
         <value>0xe82a</value>
         <object_component_ref idref="oc-435"/>
      </symbol>
      <symbol id="sm-595">
         <name>__mspabi_slll_9</name>
         <value>0xe694</value>
         <object_component_ref idref="oc-455"/>
      </symbol>
      <symbol id="sm-596">
         <name>__mspabi_slll_8</name>
         <value>0xe698</value>
         <object_component_ref idref="oc-455"/>
      </symbol>
      <symbol id="sm-597">
         <name>__mspabi_slll_7</name>
         <value>0xe69c</value>
         <object_component_ref idref="oc-455"/>
      </symbol>
      <symbol id="sm-598">
         <name>__mspabi_slll_6</name>
         <value>0xe6a0</value>
         <object_component_ref idref="oc-455"/>
      </symbol>
      <symbol id="sm-599">
         <name>__mspabi_slll_5</name>
         <value>0xe6a4</value>
         <object_component_ref idref="oc-455"/>
      </symbol>
      <symbol id="sm-59a">
         <name>__mspabi_slll_4</name>
         <value>0xe6a8</value>
         <object_component_ref idref="oc-455"/>
      </symbol>
      <symbol id="sm-59b">
         <name>__mspabi_slll_3</name>
         <value>0xe6ac</value>
         <object_component_ref idref="oc-455"/>
      </symbol>
      <symbol id="sm-59c">
         <name>__mspabi_slll_2</name>
         <value>0xe6b0</value>
         <object_component_ref idref="oc-455"/>
      </symbol>
      <symbol id="sm-59d">
         <name>__mspabi_slll_1</name>
         <value>0xe6b4</value>
         <object_component_ref idref="oc-455"/>
      </symbol>
      <symbol id="sm-59e">
         <name>__mspabi_slll_15</name>
         <value>0xe67c</value>
         <object_component_ref idref="oc-455"/>
      </symbol>
      <symbol id="sm-59f">
         <name>__mspabi_slll_14</name>
         <value>0xe680</value>
         <object_component_ref idref="oc-455"/>
      </symbol>
      <symbol id="sm-5a0">
         <name>__mspabi_slll_13</name>
         <value>0xe684</value>
         <object_component_ref idref="oc-455"/>
      </symbol>
      <symbol id="sm-5a1">
         <name>__mspabi_slll_12</name>
         <value>0xe688</value>
         <object_component_ref idref="oc-455"/>
      </symbol>
      <symbol id="sm-5a2">
         <name>__mspabi_slll_11</name>
         <value>0xe68c</value>
         <object_component_ref idref="oc-455"/>
      </symbol>
      <symbol id="sm-5a3">
         <name>__mspabi_slll_10</name>
         <value>0xe690</value>
         <object_component_ref idref="oc-455"/>
      </symbol>
      <symbol id="sm-5ab">
         <name>__mspabi_srli_8</name>
         <value>0xe476</value>
         <object_component_ref idref="oc-ba"/>
      </symbol>
      <symbol id="sm-5ac">
         <name>__mspabi_srli_9</name>
         <value>0xe472</value>
         <object_component_ref idref="oc-ba"/>
      </symbol>
      <symbol id="sm-5ad">
         <name>__mspabi_srli_6</name>
         <value>0xe47e</value>
         <object_component_ref idref="oc-ba"/>
      </symbol>
      <symbol id="sm-5ae">
         <name>__mspabi_srli_7</name>
         <value>0xe47a</value>
         <object_component_ref idref="oc-ba"/>
      </symbol>
      <symbol id="sm-5af">
         <name>__mspabi_srli_4</name>
         <value>0xe486</value>
         <object_component_ref idref="oc-ba"/>
      </symbol>
      <symbol id="sm-5b0">
         <name>__mspabi_srli_5</name>
         <value>0xe482</value>
         <object_component_ref idref="oc-ba"/>
      </symbol>
      <symbol id="sm-5b1">
         <name>__mspabi_srli_2</name>
         <value>0xe48e</value>
         <object_component_ref idref="oc-ba"/>
      </symbol>
      <symbol id="sm-5b2">
         <name>__mspabi_srli_3</name>
         <value>0xe48a</value>
         <object_component_ref idref="oc-ba"/>
      </symbol>
      <symbol id="sm-5b3">
         <name>__mspabi_srli_1</name>
         <value>0xe492</value>
         <object_component_ref idref="oc-ba"/>
      </symbol>
      <symbol id="sm-5b4">
         <name>__mspabi_srli</name>
         <value>0xe44c</value>
         <object_component_ref idref="oc-ba"/>
      </symbol>
      <symbol id="sm-5b5">
         <name>__mspabi_srli_15</name>
         <value>0xe45a</value>
         <object_component_ref idref="oc-ba"/>
      </symbol>
      <symbol id="sm-5b6">
         <name>__mspabi_srli_14</name>
         <value>0xe45e</value>
         <object_component_ref idref="oc-ba"/>
      </symbol>
      <symbol id="sm-5b7">
         <name>__mspabi_srli_13</name>
         <value>0xe462</value>
         <object_component_ref idref="oc-ba"/>
      </symbol>
      <symbol id="sm-5b8">
         <name>__mspabi_srli_12</name>
         <value>0xe466</value>
         <object_component_ref idref="oc-ba"/>
      </symbol>
      <symbol id="sm-5b9">
         <name>__mspabi_srli_11</name>
         <value>0xe46a</value>
         <object_component_ref idref="oc-ba"/>
      </symbol>
      <symbol id="sm-5ba">
         <name>__mspabi_srli_10</name>
         <value>0xe46e</value>
         <object_component_ref idref="oc-ba"/>
      </symbol>
      <symbol id="sm-5ca">
         <name>__mspabi_srll_8</name>
         <value>0xe320</value>
         <object_component_ref idref="oc-45a"/>
      </symbol>
      <symbol id="sm-5cb">
         <name>__mspabi_srll_9</name>
         <value>0xe31a</value>
         <object_component_ref idref="oc-45a"/>
      </symbol>
      <symbol id="sm-5cc">
         <name>__mspabi_srll_6</name>
         <value>0xe32c</value>
         <object_component_ref idref="oc-45a"/>
      </symbol>
      <symbol id="sm-5cd">
         <name>__mspabi_srll_7</name>
         <value>0xe326</value>
         <object_component_ref idref="oc-45a"/>
      </symbol>
      <symbol id="sm-5ce">
         <name>__mspabi_srll_4</name>
         <value>0xe338</value>
         <object_component_ref idref="oc-45a"/>
      </symbol>
      <symbol id="sm-5cf">
         <name>__mspabi_srll_5</name>
         <value>0xe332</value>
         <object_component_ref idref="oc-45a"/>
      </symbol>
      <symbol id="sm-5d0">
         <name>__mspabi_srll_2</name>
         <value>0xe344</value>
         <object_component_ref idref="oc-45a"/>
      </symbol>
      <symbol id="sm-5d1">
         <name>__mspabi_srll_3</name>
         <value>0xe33e</value>
         <object_component_ref idref="oc-45a"/>
      </symbol>
      <symbol id="sm-5d2">
         <name>__mspabi_srll_1</name>
         <value>0xe34a</value>
         <object_component_ref idref="oc-45a"/>
      </symbol>
      <symbol id="sm-5d3">
         <name>__mspabi_srll_15</name>
         <value>0xe2f6</value>
         <object_component_ref idref="oc-45a"/>
      </symbol>
      <symbol id="sm-5d4">
         <name>__mspabi_srll_14</name>
         <value>0xe2fc</value>
         <object_component_ref idref="oc-45a"/>
      </symbol>
      <symbol id="sm-5d5">
         <name>__mspabi_srll_13</name>
         <value>0xe302</value>
         <object_component_ref idref="oc-45a"/>
      </symbol>
      <symbol id="sm-5d6">
         <name>__mspabi_srll_12</name>
         <value>0xe308</value>
         <object_component_ref idref="oc-45a"/>
      </symbol>
      <symbol id="sm-5d7">
         <name>__mspabi_srll_11</name>
         <value>0xe30e</value>
         <object_component_ref idref="oc-45a"/>
      </symbol>
      <symbol id="sm-5d8">
         <name>__mspabi_srll_10</name>
         <value>0xe314</value>
         <object_component_ref idref="oc-45a"/>
      </symbol>
      <symbol id="sm-5d9">
         <name>__mspabi_srll</name>
         <value>0xeabe</value>
         <object_component_ref idref="oc-472"/>
      </symbol>
      <symbol id="sm-5ec">
         <name>__TI_frcmpyd</name>
         <value>0xca5c</value>
         <object_component_ref idref="oc-43a"/>
      </symbol>
      <symbol id="sm-5f4">
         <name>__mspabi_sral_15</name>
         <value>0xe63e</value>
         <object_component_ref idref="oc-462"/>
      </symbol>
      <symbol id="sm-5f5">
         <name>__mspabi_sral_14</name>
         <value>0xe642</value>
         <object_component_ref idref="oc-462"/>
      </symbol>
      <symbol id="sm-5f6">
         <name>__mspabi_sral_13</name>
         <value>0xe646</value>
         <object_component_ref idref="oc-462"/>
      </symbol>
      <symbol id="sm-5f7">
         <name>__mspabi_sral_12</name>
         <value>0xe64a</value>
         <object_component_ref idref="oc-462"/>
      </symbol>
      <symbol id="sm-5f8">
         <name>__mspabi_sral_11</name>
         <value>0xe64e</value>
         <object_component_ref idref="oc-462"/>
      </symbol>
      <symbol id="sm-5f9">
         <name>__mspabi_sral_10</name>
         <value>0xe652</value>
         <object_component_ref idref="oc-462"/>
      </symbol>
      <symbol id="sm-5fa">
         <name>__mspabi_sral_8</name>
         <value>0xe65a</value>
         <object_component_ref idref="oc-462"/>
      </symbol>
      <symbol id="sm-5fb">
         <name>__mspabi_sral_9</name>
         <value>0xe656</value>
         <object_component_ref idref="oc-462"/>
      </symbol>
      <symbol id="sm-5fc">
         <name>__mspabi_sral_6</name>
         <value>0xe662</value>
         <object_component_ref idref="oc-462"/>
      </symbol>
      <symbol id="sm-5fd">
         <name>__mspabi_sral_7</name>
         <value>0xe65e</value>
         <object_component_ref idref="oc-462"/>
      </symbol>
      <symbol id="sm-5fe">
         <name>__mspabi_sral_4</name>
         <value>0xe66a</value>
         <object_component_ref idref="oc-462"/>
      </symbol>
      <symbol id="sm-5ff">
         <name>__mspabi_sral_5</name>
         <value>0xe666</value>
         <object_component_ref idref="oc-462"/>
      </symbol>
      <symbol id="sm-600">
         <name>__mspabi_sral_2</name>
         <value>0xe672</value>
         <object_component_ref idref="oc-462"/>
      </symbol>
      <symbol id="sm-601">
         <name>__mspabi_sral_3</name>
         <value>0xe66e</value>
         <object_component_ref idref="oc-462"/>
      </symbol>
      <symbol id="sm-602">
         <name>__mspabi_sral_1</name>
         <value>0xe676</value>
         <object_component_ref idref="oc-462"/>
      </symbol>
      <symbol id="sm-60c">
         <name>__mspabi_mpyl_sw</name>
         <value>0xe8be</value>
         <object_component_ref idref="oc-467"/>
      </symbol>
      <symbol id="sm-60d">
         <name>__mspabi_mpyl</name>
         <value>0xe8be</value>
         <object_component_ref idref="oc-467"/>
      </symbol>
      <symbol id="sm-610">
         <name>BatteryValue</name>
         <value>0xe9ce</value>
      </symbol>
   </symbol_table>
   <title>Link successful</title>
</link_info>
